Using jconsole: /home/box/j/j9.7/bin/jconsole
Working directory: /workspace/foundry-j/verify
Timestamp (PT): 2026-10-07 06:13:52 PDT
Core present: yes
────────────────────────────────────────
Foundry J — Verification Harness
═══════════════════════════════════════
jconsole: j9.7.1/j64/linux/commercial/www.jsoftware.com/2026-04-06T04:00:54/clang-14-0-0/SLEEF=0
core dir: ../j/

── goldilocks ──
PASS goldilocks_add
PASS goldilocks_mul
FAIL goldilocks_inv: expected 1 got 11152786313141180820
PASS goldilocks_sub
── pmat ──
PASS pmat_insert
PASS pmat_conservation
── spectral ──
PASS spectral_contractive
PASS spectral_expansive
── recurrence ──
FAIL recurrence_converges: rec_run present but no recurrence_converges helper — need Core driver

═══════════════════════════════════════
PASS=7 FAIL=2 BLOCKED=0
────────────────────────────────────────
exit_code=1
log=logs/run-20261007-061352.log
