Using jconsole: /home/box/j/j9.7/bin/jconsole
Working directory: /workspace/foundry-j/verify
Timestamp (PT): 2026-10-07 06:15:01 PDT
Core present: yes
────────────────────────────────────────
Foundry J — Verification Harness
═══════════════════════════════════════
jconsole: j9.7.1/j64/linux/commercial/www.jsoftware.com/2026-04-06T04:00:54/clang-14-0-0/SLEEF=0
core dir: ../j/

── goldilocks ──
PASS goldilocks_add
PASS goldilocks_mul
FAIL goldilocks_inv: expected 1 got 11152786313141180820
PASS goldilocks_sub
── pmat ──
PASS pmat_insert
PASS pmat_conservation
── spectral ──
PASS spectral_contractive
PASS spectral_expansive
── recurrence ──
FAIL recurrence_converges: |index error in rec_run, executing dyad {::
|   resid=.6    {::>info
|[-53] /workspace/foundry-j/verify/tests/recurrence.ijs


═══════════════════════════════════════
PASS=7 FAIL=2 BLOCKED=0
────────────────────────────────────────
exit_code=1
log=logs/run-20261007-061501.log
