Using jconsole: /home/box/j/j9.7/bin/jconsole
Working directory: /workspace/foundry-j/verify
Timestamp (PT): 2026-10-07 06:18:53 PDT
Core present: yes
────────────────────────────────────────
Foundry J — Verification Harness
═══════════════════════════════════════
jconsole: j9.7.1/j64/linux/commercial/www.jsoftware.com/2026-04-06T04:00:54/clang-14-0-0/SLEEF=0
core: ../j/foundry.ijs + foundry_export

core_loaded=1

── goldilocks ──
PASS goldilocks_add
PASS goldilocks_mul
PASS goldilocks_inv
PASS goldilocks_sub
── pmat ──
PASS pmat_insert
PASS pmat_conservation
── spectral ──
PASS spectral_contractive
PASS spectral_expansive
── recurrence ──
PASS recurrence_converges

═══════════════════════════════════════
PASS=9 FAIL=0 BLOCKED=0
────────────────────────────────────────
exit_code=0
log=logs/run-20261007-061853.log
